\BOOKMARK [0][-]{dummy.1}{\376\377\000C\000o\000n\000t\000e\000n\000t\000s}{}% 1
\BOOKMARK [0][-]{dummy.3}{\376\377\000L\000i\000s\000t\000\040\000o\000f\000\040\000F\000i\000g\000u\000r\000e\000s}{}% 2
\BOOKMARK [0][-]{chapter.5}{\376\377\0001\000\040\000I\000n\000t\000r\000o\000d\000u\000c\000t\000i\000o\000n}{}% 3
\BOOKMARK [1][-]{section.6}{\376\377\0001\000.\0001\000\040\000B\000a\000s\000i\000c\000s}{chapter.5}% 4
\BOOKMARK [1][-]{section.7}{\376\377\0001\000.\0002\000\040\000M\000o\000n\000a\000r\000c\000h\000\040\000a\000s\000\040\000T\000S\000D\000B}{chapter.5}% 5
\BOOKMARK [0][-]{chapter.8}{\376\377\0002\000\040\000T\000h\000e\000\040\000P\000r\000o\000b\000l\000e\000m}{}% 6
\BOOKMARK [1][-]{section.9}{\376\377\0002\000.\0001\000\040\000A\000r\000r\000i\000v\000a\000l\000\040\000o\000f\000\040\000B\000o\000r\000g\000m\000o\000n}{chapter.8}% 7
\BOOKMARK [2][-]{subsection.10}{\376\377\0002\000.\0001\000.\0001\000\040\000I\000n\000i\000t\000i\000a\000l\000\040\000P\000r\000o\000b\000l\000e\000m}{section.9}% 8
\BOOKMARK [2][-]{subsection.11}{\376\377\0002\000.\0001\000.\0002\000\040\000B\000o\000r\000g\000m\000o\000n\000\040\000S\000o\000l\000u\000t\000i\000o\000n\000B\000o\000r\000g\000m\000o\000n}{section.9}% 9
\BOOKMARK [1][-]{section.12}{\376\377\0002\000.\0002\000\040\000A\000r\000r\000i\000v\000a\000l\000\040\000o\000f\000\040\000M\000o\000n\000a\000r\000c\000h\0005\0000\0006\0005\0002}{chapter.8}% 10
\BOOKMARK [0][-]{chapter.13}{\376\377\0003\000\040\000M\000o\000t\000i\000v\000a\000t\000i\000o\000n}{}% 11
\BOOKMARK [1][-]{section.14}{\376\377\0003\000.\0001\000\040\000C\000o\000r\000e\000\040\000S\000o\000l\000u\000t\000i\000o\000n\000\040\000I\000d\000e\000a\000s}{chapter.13}% 12
\BOOKMARK [0][-]{chapter.15}{\376\377\0004\000\040\000I\000m\000p\000l\000e\000m\000e\000n\000t\000a\000t\000i\000o\000n}{}% 13
\BOOKMARK [1][-]{section.16}{\376\377\0004\000.\0001\000\040\000C\000o\000m\000p\000o\000n\000e\000n\000t\000s}{chapter.15}% 14
\BOOKMARK [1][-]{section.21}{\376\377\0004\000.\0002\000\040\000D\000a\000t\000a\000\040\000S\000t\000o\000r\000a\000g\000e}{chapter.15}% 15
\BOOKMARK [1][-]{section.24}{\376\377\0004\000.\0003\000\040\000H\000o\000w\000\040\000D\000a\000t\000a\000\040\000S\000t\000o\000r\000a\000g\000e\000\040\000H\000a\000p\000p\000e\000n\000s}{chapter.15}% 16
\BOOKMARK [0][-]{chapter.25}{\376\377\0005\000\040\000O\000r\000g\000a\000n\000i\000z\000a\000t\000i\000o\000n\000\040\000o\000f\000\040\000D\000a\000t\000a\000\040\000a\000n\000d\000\040\000L\000o\000a\000d\000\040\000B\000a\000l\000a\000n\000c\000i\000n\000g}{}% 17
\BOOKMARK [1][-]{section.26}{\376\377\0005\000.\0001\000\040\000D\000a\000t\000a\000\040\000O\000r\000g\000a\000n\000i\000z\000a\000t\000i\000o\000n\000\040\000a\000n\000d\000\040\000L\000o\000a\000d\000\040\000B\000a\000l\000a\000n\000c\000e}{chapter.25}% 18
\BOOKMARK [0][-]{chapter.27}{\376\377\0006\000\040\000Q\000u\000e\000r\000y\000i\000n\000g}{}% 19
\BOOKMARK [1][-]{section.28}{\376\377\0006\000.\0001\000\040\000Q\000u\000e\000r\000y\000\040\000E\000x\000e\000c\000u\000t\000i\000o\000n}{chapter.27}% 20
\BOOKMARK [2][-]{subsection.29}{\376\377\0006\000.\0001\000.\0001\000\040\000Q\000u\000e\000r\000y\000\040\000T\000r\000e\000e\000\040\000a\000n\000d\000\040\000E\000x\000e\000c\000u\000t\000i\000o\000n\000\040\000L\000e\000v\000e\000l\000s}{section.28}% 21
\BOOKMARK [2][-]{subsection.30}{\376\377\0006\000.\0001\000.\0002\000\040\000R\000e\000p\000l\000i\000c\000a\000\040\000R\000e\000s\000o\000l\000u\000t\000i\000o\000n}{section.28}% 22
\BOOKMARK [2][-]{subsection.31}{\376\377\0006\000.\0001\000.\0003\000\040\000U\000s\000e\000r\000\040\000I\000s\000o\000l\000a\000t\000i\000o\000n}{section.28}% 23
\BOOKMARK [2][-]{subsection.32}{\376\377\0006\000.\0001\000.\0004\000\040\000Q\000u\000e\000r\000y\000\040\000P\000u\000s\000h\000d\000o\000w\000n}{section.28}% 24
\BOOKMARK [2][-]{subsection.33}{\376\377\0006\000.\0001\000.\0005\000\040\000S\000p\000e\000c\000i\000f\000i\000c\000\040\000O\000p\000e\000r\000a\000t\000i\000o\000n\000s\000\040\000a\000t\000\040\000L\000o\000w\000e\000r\000\040\000L\000e\000v\000e\000l\000s}{section.28}% 25
\BOOKMARK [1][-]{section.34}{\376\377\0006\000.\0002\000\040\000R\000e\000s\000u\000l\000t\000\040\000A\000g\000g\000r\000e\000g\000a\000t\000i\000o\000n}{chapter.27}% 26
\BOOKMARK [0][-]{chapter.35}{\376\377\0007\000\040\000M\000y\000\040\000O\000b\000s\000e\000r\000v\000a\000t\000i\000o\000n\000s}{}% 27
\BOOKMARK [1][-]{section.36}{\376\377\0007\000.\0001\000\040\000M\000y\000\040\000O\000b\000s\000e\000r\000v\000a\000t\000i\000o\000n\000s\000\040\000a\000n\000d\000\040\000P\000o\000s\000s\000i\000b\000l\000e\000\040\000S\000o\000l\000u\000t\000i\000o\000n\000s}{chapter.35}% 28
